[INFO] Scanning for projects...
[INFO] 
[INFO] ----------------------< com.radioacademy:backend >----------------------
[INFO] Building backend 0.0.1-SNAPSHOT
[INFO]   from pom.xml
[INFO] --------------------------------[ jar ]---------------------------------
[INFO] 
[INFO] --- resources:3.3.1:resources (default-resources) @ backend ---
[INFO] Copying 1 resource from src\main\resources to target\classes
[INFO] Copying 4 resources from src\main\resources to target\classes
[INFO] 
[INFO] --- compiler:3.13.0:compile (default-compile) @ backend ---
[INFO] Nothing to compile - all classes are up to date.
[INFO] 
[INFO] --- resources:3.3.1:testResources (default-testResources) @ backend ---
[INFO] skip non existing resourceDirectory C:\Users\varov\Documents\Academia\backend\src\test\resources
[INFO] 
[INFO] --- compiler:3.13.0:testCompile (default-testCompile) @ backend ---
[INFO] Nothing to compile - all classes are up to date.
[INFO] 
[INFO] --- surefire:3.1.2:test (default-test) @ backend ---
[INFO] Using auto detected provider org.apache.maven.surefire.junitplatform.JUnitPlatformProvider
[INFO] 
[INFO] -------------------------------------------------------
[INFO]  T E S T S
[INFO] -------------------------------------------------------
[INFO] Running com.radioacademy.backend.service.content.CourseServiceTest
[ERROR] Tests run: 6, Failures: 0, Errors: 1, Skipped: 0, Time elapsed: 1.055 s <<< FAILURE! -- in com.radioacademy.backend.service.content.CourseServiceTest
[ERROR] com.radioacademy.backend.service.content.CourseServiceTest.updateCourse_ShouldUpdateFieldsAndImage_WhenExists -- Time elapsed: 0.953 s <<< ERROR!
java.lang.NullPointerException: Cannot invoke "java.lang.Boolean.booleanValue()" because the return value of "com.radioacademy.backend.entity.Course.getActive()" is null
	at com.radioacademy.backend.service.content.CourseService.mapToDetailDTO(CourseService.java:153)
	at com.radioacademy.backend.service.content.CourseService.updateCourse(CourseService.java:99)
	at com.radioacademy.backend.service.content.CourseServiceTest.updateCourse_ShouldUpdateFieldsAndImage_WhenExists(CourseServiceTest.java:189)
	at java.base/java.lang.reflect.Method.invoke(Method.java:569)
	at java.base/java.util.ArrayList.forEach(ArrayList.java:1511)
	at java.base/java.util.ArrayList.forEach(ArrayList.java:1511)

[INFO] 
[INFO] Results:
[INFO] 
[ERROR] Errors: 
[ERROR]   CourseServiceTest.updateCourse_ShouldUpdateFieldsAndImage_WhenExists:189 ╗ NullPointer Cannot invoke "java.lang.Boolean.booleanValue()" because the return value of "com.radioacademy.backend.entity.Course.getActive()" is null
[INFO] 
[ERROR] Tests run: 6, Failures: 0, Errors: 1, Skipped: 0
[INFO] 
[INFO] ------------------------------------------------------------------------
[INFO] BUILD FAILURE
[INFO] ------------------------------------------------------------------------
[INFO] Total time:  2.607 s
[INFO] Finished at: 2026-01-27T17:07:19+01:00
[INFO] ------------------------------------------------------------------------
[ERROR] Failed to execute goal org.apache.maven.plugins:maven-surefire-plugin:3.1.2:test (default-test) on project backend: 
[ERROR] 
[ERROR] Please refer to C:\Users\varov\Documents\Academia\backend\target\surefire-reports for the individual test results.
[ERROR] Please refer to dump files (if any exist) [date].dump, [date]-jvmRun[N].dump and [date].dumpstream.
[ERROR] -> [Help 1]
[ERROR] 
[ERROR] To see the full stack trace of the errors, re-run Maven with the -e switch.
[ERROR] Re-run Maven using the -X switch to enable full debug logging.
[ERROR] 
[ERROR] For more information about the errors and possible solutions, please read the following articles:
[ERROR] [Help 1] http://cwiki.apache.org/confluence/display/MAVEN/MojoFailureException
